
> portfolio@0.1.0 build
> next build

  Γû▓ Next.js 14.2.35

   Creating an optimized production build ...
node.exe : <w> [webpack.cache.PackFileCacheStrategy] Skipped not serializable cache item 'Compilation/modules|C:\Users\
lenovo\Downloads\portfolio\node_modules\next\dist\build\webpack\loaders\css-loader\src\index.js??ruleSet[1].rules[14].o
neOf[12].use[2]!C:\Users\lenovo\Downloads\portfolio\node_modules\next\dist\build\webpack\loaders\postcss-loader\src\ind
ex.js??ruleSet[1].rules[14].oneOf[12].use[3]!C:\Users\lenovo\Downloads\portfolio\src\app\globals.css': No serializer 
registered for PostCSSSyntaxError
At line:1 char:1
+ & "C:\Program Files\nodejs/node.exe" "C:\Program Files\nodejs/node_mo ...
+ ~~~~~~~~~~~~~~~~~~~~~~~~~~~~~~~~~~~~~~~~~~~~~~~~~~~~~~~~~~~~~~~~~~~~~
    + CategoryInfo          : NotSpecified: (<w> [webpack.ca...tCSSSyntaxError:String) [], RemoteException
    + FullyQualifiedErrorId : NativeCommandError
 
<w> while serializing webpack/lib/cache/PackFileCacheStrategy.PackContentItems -> webpack/lib/NormalModule -> 
webpack/lib/ModuleBuildError -> PostCSSSyntaxError
Failed to compile.

./src/app/globals.css:54:5
Syntax error: C:\Users\lenovo\Downloads\portfolio\src\app\globals.css The `cubic-bezier(0.16,` class does not exist. 
If `cubic-bezier(0.16,` is a custom class, make sure it is defined within a `@layer` directive.

 [90m 52 | [39m  [33m.link-underline[39m[33m:[39m[33m:[39mafter [33m{[39m
 [90m 53 | [39m    content[33m:[39m [32m''[39m[33m;[39m
[1m[31m>[39m[22m[90m 54 | [39m    [36m@apply[39m absolute bottom-0 left-0 w-0 h-[33m[[39m1px[33m][39m 
bg-accent transition-all duration-500 [36mcubic-bezier[39m[36m(0.16, 1, 0.3, 1)[39m[33m;[39m
 [90m    | [39m    [1m[31m^[39m[22m
 [90m 55 | [39m  [33m}[39m
 [90m 56 | [39m  [33m.link-underline[39m[33m:[39mhover[33m:[39m[33m:[39mafter [33m{[39m

./src/app/globals.css
Syntax error: C:\Users\lenovo\Downloads\portfolio\src\app\globals.css The `cubic-bezier(0.16,` class does not exist. 
If `cubic-bezier(0.16,` is a custom class, make sure it is defined within a `@layer` directive. (54:5)

 [90m 52 | [39m  [33m.link-underline[39m[33m:[39m[33m:[39mafter [33m{[39m
 [90m 53 | [39m    content[33m:[39m [32m''[39m[33m;[39m
[1m[31m>[39m[22m[90m 54 | [39m    [36m@apply[39m absolute bottom-0 left-0 w-0 h-[33m[[39m1px[33m][39m 
bg-accent transition-all duration-500 [36mcubic-bezier[39m[36m(0.16, 1, 0.3, 1)[39m[33m;[39m
 [90m    | [39m    [1m[31m^[39m[22m
 [90m 55 | [39m  [33m}[39m
 [90m 56 | [39m  [33m.link-underline[39m[33m:[39mhover[33m:[39m[33m:[39mafter [33m{[39m

    at tryRunOrWebpackError 
(C:\Users\lenovo\Downloads\portfolio\node_modules\next\dist\compiled\webpack\bundle5.js:28:312989)
    at __webpack_require_module__ 
(C:\Users\lenovo\Downloads\portfolio\node_modules\next\dist\compiled\webpack\bundle5.js:28:131165)
    at __nested_webpack_require_153728__ 
(C:\Users\lenovo\Downloads\portfolio\node_modules\next\dist\compiled\webpack\bundle5.js:28:130607)
    at C:\Users\lenovo\Downloads\portfolio\node_modules\next\dist\compiled\webpack\bundle5.js:28:131454
    at symbolIterator (C:\Users\lenovo\Downloads\portfolio\node_modules\next\dist\compiled\neo-async\async.js:1:14444)
    at done (C:\Users\lenovo\Downloads\portfolio\node_modules\next\dist\compiled\neo-async\async.js:1:14824)
    at Hook.eval [as callAsync] (eval at create 
(C:\Users\lenovo\Downloads\portfolio\node_modules\next\dist\compiled\webpack\bundle5.js:13:28858), <anonymous>:15:1)
    at Hook.CALL_ASYNC_DELEGATE [as _callAsync] 
(C:\Users\lenovo\Downloads\portfolio\node_modules\next\dist\compiled\webpack\bundle5.js:13:26012)
    at C:\Users\lenovo\Downloads\portfolio\node_modules\next\dist\compiled\webpack\bundle5.js:28:130328
    at symbolIterator (C:\Users\lenovo\Downloads\portfolio\node_modules\next\dist\compiled\neo-async\async.js:1:14402)
-- inner error --
Syntax error: C:\Users\lenovo\Downloads\portfolio\src\app\globals.css The `cubic-bezier(0.16,` class does not exist. 
If `cubic-bezier(0.16,` is a custom class, make sure it is defined within a `@layer` directive. (54:5)

 [90m 52 | [39m  [33m.link-underline[39m[33m:[39m[33m:[39mafter [33m{[39m
 [90m 53 | [39m    content[33m:[39m [32m''[39m[33m;[39m
[1m[31m>[39m[22m[90m 54 | [39m    [36m@apply[39m absolute bottom-0 left-0 w-0 h-[33m[[39m1px[33m][39m 
bg-accent transition-all duration-500 [36mcubic-bezier[39m[36m(0.16, 1, 0.3, 1)[39m[33m;[39m
 [90m    | [39m    [1m[31m^[39m[22m
 [90m 55 | [39m  [33m}[39m
 [90m 56 | [39m  [33m.link-underline[39m[33m:[39mhover[33m:[39m[33m:[39mafter [33m{[39m

    at Object.<anonymous> (C:\Users\lenovo\Downloads\portfolio\node_modules\next\dist\build\webpack\loaders\css-loader\
src\index.js??ruleSet[1].rules[14].oneOf[12].use[2]!C:\Users\lenovo\Downloads\portfolio\node_modules\next\dist\build\we
bpack\loaders\postcss-loader\src\index.js??ruleSet[1].rules[14].oneOf[12].use[3]!C:\Users\lenovo\Downloads\portfolio\sr
c\app\globals.css:1:7)
    at C:\Users\lenovo\Downloads\portfolio\node_modules\next\dist\compiled\webpack\bundle5.js:28:922493
    at Hook.eval [as call] (eval at create 
(C:\Users\lenovo\Downloads\portfolio\node_modules\next\dist\compiled\webpack\bundle5.js:13:28636), <anonymous>:7:1)
    at Hook.CALL_DELEGATE [as _call] 
(C:\Users\lenovo\Downloads\portfolio\node_modules\next\dist\compiled\webpack\bundle5.js:13:25906)
    at C:\Users\lenovo\Downloads\portfolio\node_modules\next\dist\compiled\webpack\bundle5.js:28:131198
    at tryRunOrWebpackError 
(C:\Users\lenovo\Downloads\portfolio\node_modules\next\dist\compiled\webpack\bundle5.js:28:312943)
    at __webpack_require_module__ 
(C:\Users\lenovo\Downloads\portfolio\node_modules\next\dist\compiled\webpack\bundle5.js:28:131165)
    at __nested_webpack_require_153728__ 
(C:\Users\lenovo\Downloads\portfolio\node_modules\next\dist\compiled\webpack\bundle5.js:28:130607)
    at C:\Users\lenovo\Downloads\portfolio\node_modules\next\dist\compiled\webpack\bundle5.js:28:131454
    at symbolIterator (C:\Users\lenovo\Downloads\portfolio\node_modules\next\dist\compiled\neo-async\async.js:1:14444)

Generated code for C:\Users\lenovo\Downloads\portfolio\node_modules\next\dist\build\webpack\loaders\css-loader\src\inde
x.js??ruleSet[1].rules[14].oneOf[12].use[2]!C:\Users\lenovo\Downloads\portfolio\node_modules\next\dist\build\webpack\lo
aders\postcss-loader\src\index.js??ruleSet[1].rules[14].oneOf[12].use[3]!C:\Users\lenovo\Downloads\portfolio\src\app\gl
obals.css

Import trace for requested module:
./src/app/globals.css


> Build failed because of webpack errors
